// Jest Snapshot v1, https://goo.gl/fbAQLP

exports[`<Box/> Should display text of the box properly 1`] = `
<DocumentFragment>
  <div
    class="Box-sc-13j4q9j-0 hwFXov"
  />
</DocumentFragment>
`;
